// Jest Snapshot v1, https://goo.gl/fbAQLP

exports[`renders pokes correctly 1`] = `
Object {
  "asFragment": [Function],
  "baseElement": <body>
    <div>
      <div
        class="App"
      >
        <h1>
          Pokedex
        </h1>
        <div>
          <input
            placeholder="Search Pokettomonsuta"
            type="text"
            value=""
          />
          <button>
            Search
          </button>
          <select>
            <option
              value="asc"
            >
              Ascending
            </option>
            <option
              value="desc"
            >
              Descending
            </option>
          </select>
          <select>
            <option
              value="all"
            >
              All
            </option>
          </select>
        </div>
        <span
          class="loader"
        />
      </div>
    </div>
  </body>,
  "container": <div>
    <div
      class="App"
    >
      <h1>
        Pokedex
      </h1>
      <div>
        <input
          placeholder="Search Pokettomonsuta"
          type="text"
          value=""
        />
        <button>
          Search
        </button>
        <select>
          <option
            value="asc"
          >
            Ascending
          </option>
          <option
            value="desc"
          >
            Descending
          </option>
        </select>
        <select>
          <option
            value="all"
          >
            All
          </option>
        </select>
      </div>
      <span
        class="loader"
      />
    </div>
  </div>,
  "debug": [Function],
  "findAllByAltText": [Function],
  "findAllByDisplayValue": [Function],
  "findAllByLabelText": [Function],
  "findAllByPlaceholderText": [Function],
  "findAllByRole": [Function],
  "findAllByTestId": [Function],
  "findAllByText": [Function],
  "findAllByTitle": [Function],
  "findByAltText": [Function],
  "findByDisplayValue": [Function],
  "findByLabelText": [Function],
  "findByPlaceholderText": [Function],
  "findByRole": [Function],
  "findByTestId": [Function],
  "findByText": [Function],
  "findByTitle": [Function],
  "getAllByAltText": [Function],
  "getAllByDisplayValue": [Function],
  "getAllByLabelText": [Function],
  "getAllByPlaceholderText": [Function],
  "getAllByRole": [Function],
  "getAllByTestId": [Function],
  "getAllByText": [Function],
  "getAllByTitle": [Function],
  "getByAltText": [Function],
  "getByDisplayValue": [Function],
  "getByLabelText": [Function],
  "getByPlaceholderText": [Function],
  "getByRole": [Function],
  "getByTestId": [Function],
  "getByText": [Function],
  "getByTitle": [Function],
  "queryAllByAltText": [Function],
  "queryAllByDisplayValue": [Function],
  "queryAllByLabelText": [Function],
  "queryAllByPlaceholderText": [Function],
  "queryAllByRole": [Function],
  "queryAllByTestId": [Function],
  "queryAllByText": [Function],
  "queryAllByTitle": [Function],
  "queryByAltText": [Function],
  "queryByDisplayValue": [Function],
  "queryByLabelText": [Function],
  "queryByPlaceholderText": [Function],
  "queryByRole": [Function],
  "queryByTestId": [Function],
  "queryByText": [Function],
  "queryByTitle": [Function],
  "rerender": [Function],
  "unmount": [Function],
}
`;
